test_absent_optional_content_differs_from_empty_content (test_phy_artifacts.PhyArtifactCacheTests.test_absent_optional_content_differs_from_empty_content) ... ok
test_checksum_index_requires_complete_local_file_set (test_phy_artifacts.PhyArtifactCacheTests.test_checksum_index_requires_complete_local_file_set) ... ok
test_each_material_input_changes_cache_identity (test_phy_artifacts.PhyArtifactCacheTests.test_each_material_input_changes_cache_identity) ... ok
test_exported_text_retains_exact_utf8_and_mixed_newlines (test_phy_artifacts.PhyArtifactCacheTests.test_exported_text_retains_exact_utf8_and_mixed_newlines) ... ok
test_force_rebuilds_damaged_bundle_then_allows_a_hit (test_phy_artifacts.PhyArtifactCacheTests.test_force_rebuilds_damaged_bundle_then_allows_a_hit) ... ok
test_identical_export_reuses_complete_bundle_unchanged (test_phy_artifacts.PhyArtifactCacheTests.test_identical_export_reuses_complete_bundle_unchanged) ... ok
test_input_payload_must_match_request_even_with_updated_checksum (test_phy_artifacts.PhyArtifactCacheTests.test_input_payload_must_match_request_even_with_updated_checksum) ... ok
test_interrupted_export_cannot_be_reported_as_cache_hit (test_phy_artifacts.PhyArtifactCacheTests.test_interrupted_export_cannot_be_reported_as_cache_hit) ... ok
test_metadata_must_match_request_even_with_updated_checksum (test_phy_artifacts.PhyArtifactCacheTests.test_metadata_must_match_request_even_with_updated_checksum) ... ok
test_metadata_without_trace_matches_export_and_json_hash_is_canonical (test_phy_artifacts.PhyArtifactCacheTests.test_metadata_without_trace_matches_export_and_json_hash_is_canonical) ... ok
test_missing_or_changed_bundle_file_is_rejected_and_preserved (test_phy_artifacts.PhyArtifactCacheTests.test_missing_or_changed_bundle_file_is_rejected_and_preserved) ... ok
test_public_export_wrapper_returns_the_requested_result (test_phy_artifacts.PhyArtifactCacheTests.test_public_export_wrapper_returns_the_requested_result) ... ok
test_timeout_does_not_reuse_or_overwrite_success (test_phy_artifacts.PhyArtifactCacheTests.test_timeout_does_not_reuse_or_overwrite_success) ... ok
test_alpha_rejects_continuous_guard_tokens (test_phy_layer.PhyLayerTests.test_alpha_rejects_continuous_guard_tokens) ... ok
test_article_contract_golden_fixture (test_phy_layer.PhyLayerTests.test_article_contract_golden_fixture) ... ok
test_article_generated_model_and_queries_golden_fixtures (test_phy_layer.PhyLayerTests.test_article_generated_model_and_queries_golden_fixtures) ... ok
test_article_latex_extractor_flags_missing_a_env (test_phy_layer.PhyLayerTests.test_article_latex_extractor_flags_missing_a_env) ... ok
test_article_latex_extractor_has_complete_evidence (test_phy_layer.PhyLayerTests.test_article_latex_extractor_has_complete_evidence) ... ok
test_benchmark_models_expose_expected_static_validation (test_phy_layer.PhyLayerTests.test_benchmark_models_expose_expected_static_validation) ... ok
test_benchmark_suite_covers_positive_and_broken_models (test_phy_layer.PhyLayerTests.test_benchmark_suite_covers_positive_and_broken_models) ... ok
test_channel_semantics_check_accepts_generated_model (test_phy_layer.PhyLayerTests.test_channel_semantics_check_accepts_generated_model) ... ok
test_compact_observer_scenarios_generate_valid_models (test_phy_layer.PhyLayerTests.test_compact_observer_scenarios_generate_valid_models) ... ok
test_default_contract_has_closed_system_components (test_phy_layer.PhyLayerTests.test_default_contract_has_closed_system_components) ... ok
test_diagram_export_includes_dot_svg_and_maps (test_phy_layer.PhyLayerTests.test_diagram_export_includes_dot_svg_and_maps) ... ok
test_explain_counterexample_uses_parsed_trace (test_phy_layer.PhyLayerTests.test_explain_counterexample_uses_parsed_trace) ... ok
test_extract_contract_returns_serializable_ir (test_phy_layer.PhyLayerTests.test_extract_contract_returns_serializable_ir) ... ok
test_generated_model_contains_required_templates_and_queries (test_phy_layer.PhyLayerTests.test_generated_model_contains_required_templates_and_queries) ... ok
test_generated_model_validator_rejects_active_observer_sync (test_phy_layer.PhyLayerTests.test_generated_model_validator_rejects_active_observer_sync) ... ok
test_generated_model_validator_rejects_bad_beam_failure_timeout (test_phy_layer.PhyLayerTests.test_generated_model_validator_rejects_bad_beam_failure_timeout) ... ok
test_generated_model_validator_rejects_bad_class_range (test_phy_layer.PhyLayerTests.test_generated_model_validator_rejects_bad_class_range) ... ok
test_generated_model_validator_rejects_bad_contract_violation_guard (test_phy_layer.PhyLayerTests.test_generated_model_validator_rejects_bad_contract_violation_guard) ... ok
test_generated_model_validator_rejects_bad_query_references (test_phy_layer.PhyLayerTests.test_generated_model_validator_rejects_bad_query_references) ... ok
test_generated_model_validator_rejects_estimator_values_in_transition_guards (test_phy_layer.PhyLayerTests.test_generated_model_validator_rejects_estimator_values_in_transition_guards) ... ok
test_generated_model_validator_rejects_missing_priority_helper (test_phy_layer.PhyLayerTests.test_generated_model_validator_rejects_missing_priority_helper) ... ok
test_generated_model_validator_rejects_missing_report_deadline_guard (test_phy_layer.PhyLayerTests.test_generated_model_validator_rejects_missing_report_deadline_guard) ... ok
test_generated_model_validator_rejects_missing_sensing_dependencies (test_phy_layer.PhyLayerTests.test_generated_model_validator_rejects_missing_sensing_dependencies) ... ok
test_generated_model_validator_rejects_report_and_alert_on_one_transition (test_phy_layer.PhyLayerTests.test_generated_model_validator_rejects_report_and_alert_on_one_transition) ... ok
test_generated_model_validator_rejects_unbounded_leads_to_query (test_phy_layer.PhyLayerTests.test_generated_model_validator_rejects_unbounded_leads_to_query) ... ok
test_generated_model_validator_rejects_undeclared_and_dangling_channel (test_phy_layer.PhyLayerTests.test_generated_model_validator_rejects_undeclared_and_dangling_channel) ... ok
test_generated_model_validator_rejects_wrong_report_variable_writer (test_phy_layer.PhyLayerTests.test_generated_model_validator_rejects_wrong_report_variable_writer) ... ok
test_generation_modes_minimal_and_negative_scenarios (test_phy_layer.PhyLayerTests.test_generation_modes_minimal_and_negative_scenarios) ... ok
test_negative_waveform_location_fixture_is_rejected (test_phy_layer.PhyLayerTests.test_negative_waveform_location_fixture_is_rejected) ... ok
test_open_system_mode_excludes_environment_and_wraps_queries (test_phy_layer.PhyLayerTests.test_open_system_mode_excludes_environment_and_wraps_queries) ... ok
test_profile_policy (test_phy_layer.PhyLayerTests.test_profile_policy) ... ok
test_property_pack_export_writes_queries_and_metadata (test_phy_layer.PhyLayerTests.test_property_pack_export_writes_queries_and_metadata) ... ok
test_property_pack_includes_contract_and_observer_queries (test_phy_layer.PhyLayerTests.test_property_pack_includes_contract_and_observer_queries) ... ok
test_readable_layout_keeps_locations_labels_and_loops_apart (test_phy_layer.PhyLayerTests.test_readable_layout_keeps_locations_labels_and_loops_apart) ... ok
test_report_bundle_and_export_artifacts (test_phy_layer.PhyLayerTests.test_report_bundle_and_export_artifacts) ... ok
test_run_artifact_export_writes_layout_and_uses_cache_key (test_phy_layer.PhyLayerTests.test_run_artifact_export_writes_layout_and_uses_cache_key) ... ok
test_trace_normalizer_and_failed_query_classifier (test_phy_layer.PhyLayerTests.test_trace_normalizer_and_failed_query_classifier) ... ok
test_trace_parser_classifies_abstraction_artifact_and_freshness (test_phy_layer.PhyLayerTests.test_trace_parser_classifies_abstraction_artifact_and_freshness) ... ok
test_trace_parser_extracts_domain_root_cause (test_phy_layer.PhyLayerTests.test_trace_parser_extracts_domain_root_cause) ... ok
test_trace_parser_extracts_textual_root_causes (test_phy_layer.PhyLayerTests.test_trace_parser_extracts_textual_root_causes) ... ok
test_verify_property_pack_static_only (test_phy_layer.PhyLayerTests.test_verify_property_pack_static_only) ... ok
test_phy_tools_are_registered (test_phy_layer.PhyMcpRegistrationTests.test_phy_tools_are_registered) ... ok

----------------------------------------------------------------------
Ran 55 tests in 24.021s

OK
