WARNING: The directory '/home/artmus208/.cache/pip' or its parent directory is not owned or is not writable by the current user. The cache has been disabled. Check the permissions and owner of that directory. If executing pip with sudo, you should use sudo's -H flag.
Obtaining file:///tmp/issue19-native-handoff
  Installing build dependencies: started
  Installing build dependencies: finished with status 'error'
  error: subprocess-exited-with-error
  
  × pip subprocess to install build dependencies did not run successfully.
  │ exit code: 1
  ╰─> [8 lines of output]
      WARNING: The directory '/home/artmus208/.cache/pip' or its parent directory is not owned or is not writable by the current user. The cache has been disabled. Check the permissions and owner of that directory. If executing pip with sudo, you should use sudo's -H flag.
      WARNING: Retrying (Retry(total=4, connect=None, read=None, redirect=None, status=None)) after connection broken by 'ProxyError('Cannot connect to proxy.', NewConnectionError('<pip._vendor.urllib3.connection.HTTPSConnection object at 0x7085b1b6eb10>: Failed to establish a new connection: [Errno 1] Operation not permitted'))': /simple/setuptools/
      WARNING: Retrying (Retry(total=3, connect=None, read=None, redirect=None, status=None)) after connection broken by 'ProxyError('Cannot connect to proxy.', NewConnectionError('<pip._vendor.urllib3.connection.HTTPSConnection object at 0x7085b029aba0>: Failed to establish a new connection: [Errno 1] Operation not permitted'))': /simple/setuptools/
      WARNING: Retrying (Retry(total=2, connect=None, read=None, redirect=None, status=None)) after connection broken by 'ProxyError('Cannot connect to proxy.', NewConnectionError('<pip._vendor.urllib3.connection.HTTPSConnection object at 0x7085b029a9f0>: Failed to establish a new connection: [Errno 1] Operation not permitted'))': /simple/setuptools/
      WARNING: Retrying (Retry(total=1, connect=None, read=None, redirect=None, status=None)) after connection broken by 'ProxyError('Cannot connect to proxy.', NewConnectionError('<pip._vendor.urllib3.connection.HTTPSConnection object at 0x7085b029aae0>: Failed to establish a new connection: [Errno 1] Operation not permitted'))': /simple/setuptools/
      WARNING: Retrying (Retry(total=0, connect=None, read=None, redirect=None, status=None)) after connection broken by 'ProxyError('Cannot connect to proxy.', NewConnectionError('<pip._vendor.urllib3.connection.HTTPSConnection object at 0x7085b029ab40>: Failed to establish a new connection: [Errno 1] Operation not permitted'))': /simple/setuptools/
      ERROR: Could not find a version that satisfies the requirement setuptools>=68 (from versions: none)
      ERROR: No matching distribution found for setuptools>=68
      [end of output]
  
  note: This error originates from a subprocess, and is likely not a problem with pip.
error: subprocess-exited-with-error

× pip subprocess to install build dependencies did not run successfully.
│ exit code: 1
╰─> See above for output.

note: This error originates from a subprocess, and is likely not a problem with pip.
